[package]
name = "test-simple-project"
version = "0.1.0"
authors = [ "Charles Lechasseur <shiftingbeard@gmx.com>" ]
edition = "2021"

[dependencies]
either = "1.10.0"
serde = "1.0.197"

[dev-dependencies]
mockall = "0.12.1"

[target."cfg(windows)".dependencies]
winapi = "0.3.9"

[build-dependencies]
rustc_version = "0.4.0"
libgit2-sys = "0.16.2+1.7.2"

[target]

[target."cfg(windows)"]
